[Licensing::Module] Trying to connect to existing licensing client channel...
Built from '6000.3/staging' branch; Version is '6000.3.24f1 (4e7b9b5b6244) revision 5143451'; Using compiler version '194234433'; Build Type 'Release'
OS: 'Windows 11  (10.0.26200) Core' Language: 'fr' Physical Memory: 32711 MB
BatchMode: 1, IsHumanControllingUs: 0, StartBugReporterOnCrash: 0, Is64bit: 1
System  architecture: x64
[Licensing::IpcConnector] Successfully connected to: "LicenseClient-REDACTED" at "2026-09-19T21:39:00.2998226Z"
Process architecture: x64
Date: 2026-09-19T21:39:00Z
[Licensing::Client] Code 10 while verifying Licensing Client signature (process Id: 31576, path: "E:/unity/Unity Hub/UnityLicensingClient_V1/Unity.Licensing.Client.exe")
[Licensing::Module] LicensingClient has failed validation; ignoring
[Licensing::Client] Handshaking with LicensingClient:
  Version:                 1.18.3+d7ffd15
  Session Id:              REDACTED
  Correlation Id:          REDACTED
  External correlation Id: REDACTED
  Machine Id:              REDACTED
[Licensing::Module] Successfully connected to LicensingClient on channel: "LicenseClient-REDACTED" (connect: 0.00s, validation: 0.00s, handshake: 0.06s)
[Licensing::IpcConnector] Successfully connected to: "LicenseClient-REDACTED" at "2026-09-19T21:39:00.3573606Z"
[Licensing::Module] Error: Access token is unavailable; failed to update
[Licensing::Client] Successfully resolved entitlement details
[Licensing::Module] License group:
  Id: REDACTED
  Product: Unity Personal
  Type: Assigned
  Expiration: Unlimited
[Licensing::Client] Successfully updated license, isAsync: True, time: 0.00
[Licensing::Client] Successfully resolved entitlement details
[Licensing::Module] Licensing Background thread has ended after 0.06s

COMMAND LINE ARGUMENTS:
C:\ProgramData\6000.3.24f1-x86_64\Editor\Unity.exe
-batchmode
-nographics
-quit
-projectPath
E:\Palimpseste\Palimpseste_Unity_Dossier_Luna_Codex\Palimpseste_Unity_Dossier\game
-logFile
E:\Palimpseste\Palimpseste_Unity_Dossier_Luna_Codex\Palimpseste_Unity_Dossier\game\Logs\import-player-flow.log
Successfully changed project path to: E:\Palimpseste\Palimpseste_Unity_Dossier_Luna_Codex\Palimpseste_Unity_Dossier\game
E:/Palimpseste/Palimpseste_Unity_Dossier_Luna_Codex/Palimpseste_Unity_Dossier/game
[UnityMemory] Configuration Parameters - Can be set up in boot.config
    "memorysetup-temp-allocator-size-nav-mesh-worker=65536"
    "memorysetup-temp-allocator-size-audio-worker=65536"
    "memorysetup-temp-allocator-size-gfx=262144"
    "memorysetup-allocator-temp-initial-block-size-main=262144"
    "memorysetup-allocator-temp-initial-block-size-worker=262144"
    "memorysetup-temp-allocator-size-background-worker=32768"
    "memorysetup-temp-allocator-size-job-worker=262144"
    "memorysetup-temp-allocator-size-preload-manager=33554432"
    "memorysetup-remapper-allocator-initial-capacity=32768"
    "memorysetup-temp-allocator-size-gi-baking-worker=262144"
    "memorysetup-temp-allocator-size-gi-baking-worker=262144"
    "memorysetup-temp-allocator-size-gi-baking-worker=262144"
    "memorysetup-temp-allocator-size-gi-baking-worker=262144"
    "memorysetup-temp-allocator-size-gi-baking-worker=262144"
    "memorysetup-bucket-allocator-granularity=16"
    "memorysetup-bucket-allocator-bucket-count=8"
    "memorysetup-bucket-allocator-block-size=33554432"
    "memorysetup-bucket-allocator-block-count=8"
    "memorysetup-main-allocator-block-size=16777216"
    "memorysetup-thread-allocator-block-size=16777216"
    "memorysetup-gfx-main-allocator-block-size=16777216"
    "memorysetup-gfx-thread-allocator-block-size=16777216"
    "memorysetup-cache-allocator-block-size=4194304"
    "memorysetup-typetree-allocator-block-size=2097152"
    "memorysetup-profiler-bucket-allocator-granularity=16"
    "memorysetup-profiler-bucket-allocator-bucket-count=8"
    "memorysetup-profiler-bucket-allocator-block-size=33554432"
    "memorysetup-profiler-bucket-allocator-block-count=8"
    "memorysetup-profiler-allocator-block-size=16777216"
    "memorysetup-profiler-editor-allocator-block-size=1048576"
    "memorysetup-temp-allocator-size-main=16777216"
    "memorysetup-job-temp-allocator-block-size=2097152"
    "memorysetup-job-temp-allocator-block-size-background=1048576"
    "memorysetup-job-temp-allocator-reduction-small-platforms=262144"
    "memorysetup-temp-allocator-size-cloud-worker=32768"
Player connection [16096]  Target information:

Player connection [16096]  * "[IP] PRIVATE_IP [Port] 55504 [Flags] 2 [Guid] 134332340 [EditorId] 134332340 [Version] 1048832 [Id] WindowsEditor(7,HOST_REDACTED) [Debug] 1 [PackageName] WindowsEditor [ProjectName] Editor" 

Player connection [16096]  * "[IP] PRIVATE_IP [Port] 55504 [Flags] 2 [Guid] 134332340 [EditorId] 134332340 [Version] 1048832 [Id] WindowsEditor(7,HOST_REDACTED) [Debug] 1 [PackageName] WindowsEditor [ProjectName] Editor" 

Player connection [16096] Host joined multi-casting on [225.0.0.222:54997]...
Player connection [16096] Host joined alternative multi-casting on [225.0.0.222:34997]...
Input System module state changed to: Initialized.
[Physics::Module] Initialized fallback backend.
[Physics::Module] Id: 0xdecafbad
[Package Manager] Connected to IPC stream "Upm-12096" after 0.3 seconds.
[Licensing::Client] Successfully resolved entitlement details
Library Redirect Path: Library/
[Physics::Module] Selected backend.
[Physics::Module] Name: PhysX
[Physics::Module] Id: 0xf2b8ea05
[Physics::Module] SDK Version: 4.1.2
[Physics::Module] Integration Version: 1.0.0
[Physics::Module] Threading Mode: Multi-Threaded
Refreshing native plugins compatible for Editor in 1.29 ms, found 0 plugins.
Preloading 0 native plugins for Editor in 0.00 ms.
Initialize engine version: 6000.3.24f1 (4e7b9b5b6244)
[Subsystems] Discovering subsystems at path C:/ProgramData/6000.3.24f1-x86_64/Editor/Data/Resources/UnitySubsystems
[Subsystems] Discovering subsystems at path E:/Palimpseste/Palimpseste_Unity_Dossier_Luna_Codex/Palimpseste_Unity_Dossier/game/Assets
Forcing GfxDevice: Null
GfxDevice: creating device client; kGfxThreadingModeNonThreaded
NullGfxDevice:
    Version:  NULL 1.0 [1.0]
    Renderer: Null Device
    Vendor:   Unity Technologies
Initialize mono
Mono path[0] = 'C:/ProgramData/6000.3.24f1-x86_64/Editor/Data/Managed'
Mono path[1] = 'C:/ProgramData/6000.3.24f1-x86_64/Editor/Data/MonoBleedingEdge/lib/mono/unityjit-win32'
Mono config path = 'C:/ProgramData/6000.3.24f1-x86_64/Editor/Data/MonoBleedingEdge/etc'
Using monoOptions --debugger-agent=transport=dt_socket,embedding=1,server=y,suspend=n,address=127.0.0.1:56096
Using cacheserver namespaces - metadata:defaultmetadata, artifacts:defaultartifacts
Using cacheserver namespaces - metadata:defaultmetadata, artifacts:defaultartifacts
ImportWorker Server TCP listen port: 0
AcceleratorClientConnectionCallback - disconnected - :0
Begin MonoManager ReloadAssembly
Registering precompiled unity dll's ...
Register platform support module: C:/ProgramData/6000.3.24f1-x86_64/Editor/Data/PlaybackEngines/WindowsStandaloneSupport/UnityEditor.WindowsStandalone.Extensions.dll
Registered in 0.005237 seconds.
- Loaded All Assemblies, in  0.572 seconds
Native extension for WindowsStandalone target not found
Package Manager log level set to [2]
ScheduleIndexationOnStartup MainProcess:False IndexOnStartup:False
Mono: successfully reloaded assembly
- Finished resetting the current domain, in  0.517 seconds
Domain Reload Profiling: 1086ms
	BeginReloadAssembly (233ms)
		ExecutionOrderSort (0ms)
		DisableScriptedObjects (0ms)
		BackupInstance (0ms)
		ReleaseScriptingObjects (0ms)
		CreateAndSetChildDomain (11ms)
	RebuildCommonClasses (51ms)
	RebuildNativeTypeToScriptingClass (13ms)
	initialDomainReloadingComplete (76ms)
	LoadAllAssembliesAndSetupDomain (196ms)
		LoadAssemblies (215ms)
		RebuildTransferFunctionScriptingTraits (0ms)
		AnalyzeDomain (191ms)
			TypeCache.Refresh (189ms)
				TypeCache.ScanAssembly (173ms)
			BuildScriptInfoCaches (0ms)
			ResolveRequiredComponents (1ms)
	FinalizeReload (518ms)
		ReleaseScriptCaches (0ms)
		RebuildScriptCaches (0ms)
		SetupLoadedEditorAssemblies (464ms)
			LogAssemblyErrors (0ms)
			InitializePlatformSupportModulesInManaged (58ms)
			SetLoadedEditorAssemblies (4ms)
			BeforeProcessingInitializeOnLoad (92ms)
			ProcessInitializeOnLoadAttributes (202ms)
			ProcessInitializeOnLoadMethodAttributes (107ms)
			AfterProcessingInitializeOnLoad (0ms)
			EditorAssembliesLoaded (1ms)
		ExecutionOrderSort2 (0ms)
		AwakeInstancesAfterBackupRestoration (0ms)
[Licensing::Client] Successfully resolved entitlement details
Application.AssetDatabase Initial Refresh Start
[Package Manager] Restoring resolved packages state from cache
[Licensing::Client] Successfully resolved entitlement details
[Package Manager] Registered 36 packages:
  Packages from [https://packages.unity.com]:
    com.unity.ai.navigation@2.0.0 (location: E:\Palimpseste\Palimpseste_Unity_Dossier_Luna_Codex\Palimpseste_Unity_Dossier\game\Library\PackageCache\com.unity.ai.navigation@f6367599281e)
    com.unity.collab-proxy@2.2.0 (location: E:\Palimpseste\Palimpseste_Unity_Dossier_Luna_Codex\Palimpseste_Unity_Dossier\game\Library\PackageCache\com.unity.collab-proxy@b26119cdd155)
    com.unity.ide.rider@3.0.27 (location: E:\Palimpseste\Palimpseste_Unity_Dossier_Luna_Codex\Palimpseste_Unity_Dossier\game\Library\PackageCache\com.unity.ide.rider@8ca554ad34c2)
    com.unity.ide.visualstudio@2.0.22 (location: E:\Palimpseste\Palimpseste_Unity_Dossier_Luna_Codex\Palimpseste_Unity_Dossier\game\Library\PackageCache\com.unity.ide.visualstudio@8140e851d83e)
    com.unity.inputsystem@1.17.0 (location: E:\Palimpseste\Palimpseste_Unity_Dossier_Luna_Codex\Palimpseste_Unity_Dossier\game\Library\PackageCache\com.unity.inputsystem@02433b2481ab)
    com.unity.nuget.newtonsoft-json@3.2.1 (location: E:\Palimpseste\Palimpseste_Unity_Dossier_Luna_Codex\Palimpseste_Unity_Dossier\game\Library\PackageCache\com.unity.nuget.newtonsoft-json@74deb55db2a0)
    com.unity.timeline@1.8.6 (location: E:\Palimpseste\Palimpseste_Unity_Dossier_Luna_Codex\Palimpseste_Unity_Dossier\game\Library\PackageCache\com.unity.timeline@9ac0df085fa8)
    com.unity.visualscripting@1.9.1 (location: E:\Palimpseste\Palimpseste_Unity_Dossier_Luna_Codex\Palimpseste_Unity_Dossier\game\Library\PackageCache\com.unity.visualscripting@80ee0eef820c)
    com.unity.searcher@4.9.5 (location: E:\Palimpseste\Palimpseste_Unity_Dossier_Luna_Codex\Palimpseste_Unity_Dossier\game\Library\PackageCache\com.unity.searcher@a463122f2c00)
    com.unity.burst@1.8.30 (location: E:\Palimpseste\Palimpseste_Unity_Dossier_Luna_Codex\Palimpseste_Unity_Dossier\game\Library\PackageCache\com.unity.burst@2f3d916873ea)
    com.unity.mathematics@1.3.3 (location: E:\Palimpseste\Palimpseste_Unity_Dossier_Luna_Codex\Palimpseste_Unity_Dossier\game\Library\PackageCache\com.unity.mathematics@19a9377c4ffa)
    com.unity.collections@2.6.8 (location: E:\Palimpseste\Palimpseste_Unity_Dossier_Luna_Codex\Palimpseste_Unity_Dossier\game\Library\PackageCache\com.unity.collections@84e8eb3fc12e)
    com.unity.nuget.mono-cecil@1.11.6 (location: E:\Palimpseste\Palimpseste_Unity_Dossier_Luna_Codex\Palimpseste_Unity_Dossier\game\Library\PackageCache\com.unity.nuget.mono-cecil@ecb9724e46ff)
    com.unity.test-framework.performance@3.5.0 (location: E:\Palimpseste\Palimpseste_Unity_Dossier_Luna_Codex\Palimpseste_Unity_Dossier\game\Library\PackageCache\com.unity.test-framework.performance@8b56083ec0f0)
  Built-in packages:
    com.unity.render-pipelines.universal@17.3.0 (location: E:\Palimpseste\Palimpseste_Unity_Dossier_Luna_Codex\Palimpseste_Unity_Dossier\game\Library\PackageCache\com.unity.render-pipelines.universal@a8b4b2fc3560)
    com.unity.test-framework@1.6.0 (location: E:\Palimpseste\Palimpseste_Unity_Dossier_Luna_Codex\Palimpseste_Unity_Dossier\game\Library\PackageCache\com.unity.test-framework@bd7f943e9647)
    com.unity.ugui@2.0.0 (location: E:\Palimpseste\Palimpseste_Unity_Dossier_Luna_Codex\Palimpseste_Unity_Dossier\game\Library\PackageCache\com.unity.ugui@b996e7548785)
    com.unity.modules.unitywebrequest@1.0.0 (location: E:\Palimpseste\Palimpseste_Unity_Dossier_Luna_Codex\Palimpseste_Unity_Dossier\game\Library\PackageCache\com.unity.modules.unitywebrequest)
    com.unity.modules.imageconversion@1.0.0 (location: E:\Palimpseste\Palimpseste_Unity_Dossier_Luna_Codex\Palimpseste_Unity_Dossier\game\Library\PackageCache\com.unity.modules.imageconversion)
    com.unity.modules.jsonserialize@1.0.0 (location: E:\Palimpseste\Palimpseste_Unity_Dossier_Luna_Codex\Palimpseste_Unity_Dossier\game\Library\PackageCache\com.unity.modules.jsonserialize)
    com.unity.modules.ui@1.0.0 (location: E:\Palimpseste\Palimpseste_Unity_Dossier_Luna_Codex\Palimpseste_Unity_Dossier\game\Library\PackageCache\com.unity.modules.ui)
    com.unity.modules.imgui@1.0.0 (location: E:\Palimpseste\Palimpseste_Unity_Dossier_Luna_Codex\Palimpseste_Unity_Dossier\game\Library\PackageCache\com.unity.modules.imgui)
    com.unity.modules.audio@1.0.0 (location: E:\Palimpseste\Palimpseste_Unity_Dossier_Luna_Codex\Palimpseste_Unity_Dossier\game\Library\PackageCache\com.unity.modules.audio)
    com.unity.modules.director@1.0.0 (location: E:\Palimpseste\Palimpseste_Unity_Dossier_Luna_Codex\Palimpseste_Unity_Dossier\game\Library\PackageCache\com.unity.modules.director)
    com.unity.modules.animation@1.0.0 (location: E:\Palimpseste\Palimpseste_Unity_Dossier_Luna_Codex\Palimpseste_Unity_Dossier\game\Library\PackageCache\com.unity.modules.animation)
    com.unity.modules.particlesystem@1.0.0 (location: E:\Palimpseste\Palimpseste_Unity_Dossier_Luna_Codex\Palimpseste_Unity_Dossier\game\Library\PackageCache\com.unity.modules.particlesystem)
    com.unity.ext.nunit@2.0.5 (location: E:\Palimpseste\Palimpseste_Unity_Dossier_Luna_Codex\Palimpseste_Unity_Dossier\game\Library\PackageCache\com.unity.ext.nunit@d8c07649098d)
    com.unity.render-pipelines.core@17.3.0 (location: E:\Palimpseste\Palimpseste_Unity_Dossier_Luna_Codex\Palimpseste_Unity_Dossier\game\Library\PackageCache\com.unity.render-pipelines.core@0bb36005e9ba)
    com.unity.shadergraph@17.3.0 (location: E:\Palimpseste\Palimpseste_Unity_Dossier_Luna_Codex\Palimpseste_Unity_Dossier\game\Library\PackageCache\com.unity.shadergraph@30c2e3926b79)
    com.unity.render-pipelines.universal-config@17.0.3 (location: E:\Palimpseste\Palimpseste_Unity_Dossier_Luna_Codex\Palimpseste_Unity_Dossier\game\Library\PackageCache\com.unity.render-pipelines.universal-config@8dc1aab4af1d)
    com.unity.modules.uielements@1.0.0 (location: E:\Palimpseste\Palimpseste_Unity_Dossier_Luna_Codex\Palimpseste_Unity_Dossier\game\Library\PackageCache\com.unity.modules.uielements)
    com.unity.modules.ai@1.0.0 (location: E:\Palimpseste\Palimpseste_Unity_Dossier_Luna_Codex\Palimpseste_Unity_Dossier\game\Library\PackageCache\com.unity.modules.ai)
    com.unity.modules.physics@1.0.0 (location: E:\Palimpseste\Palimpseste_Unity_Dossier_Luna_Codex\Palimpseste_Unity_Dossier\game\Library\PackageCache\com.unity.modules.physics)
    com.unity.modules.terrain@1.0.0 (location: E:\Palimpseste\Palimpseste_Unity_Dossier_Luna_Codex\Palimpseste_Unity_Dossier\game\Library\PackageCache\com.unity.modules.terrain)
    com.unity.modules.hierarchycore@1.0.0 (location: E:\Palimpseste\Palimpseste_Unity_Dossier_Luna_Codex\Palimpseste_Unity_Dossier\game\Library\PackageCache\com.unity.modules.hierarchycore)
  Local packages:
    com.palimpseste.contracts@file:E:\Palimpseste\Palimpseste_Unity_Dossier_Luna_Codex\Palimpseste_Unity_Dossier\shared\Palimpseste.Contracts (location: E:\Palimpseste\Palimpseste_Unity_Dossier_Luna_Codex\Palimpseste_Unity_Dossier\shared\Palimpseste.Contracts)
[Subsystems] No new subsystems found in resolved package list.
[Package Manager] Done registering packages in 0.01 seconds
[ScriptCompilation] Requested script compilation because: Assetdatabase observed changes in script compilation related files
Starting: C:\ProgramData\6000.3.24f1-x86_64\Editor\Data\Tools\BuildPipeline\bee_backend.exe --ipc --defer-dag-verification --dagfile="Library/Bee/1900b0aE.dag" --continue-on-failure --profile="Library/Bee/backend1.traceevents" ScriptAssemblies
WorkingDir: E:/Palimpseste/Palimpseste_Unity_Dossier_Luna_Codex/Palimpseste_Unity_Dossier/game
DisplayProgressbar: Compiling Scripts
Starting: C:\ProgramData\6000.3.24f1-x86_64\Editor\Data\netcorerun\netcorerun.exe "C:\ProgramData\6000.3.24f1-x86_64\Editor\Data\Tools\BuildPipeline\ScriptCompilationBuildProgram.exe" "Library/Bee/1900b0aE.dag.json" "Library/Bee/1900b0aE-inputdata.json" "Library\Bee\buildprogram0.traceevents"
WorkingDir: E:/Palimpseste/Palimpseste_Unity_Dossier_Luna_Codex/Palimpseste_Unity_Dossier/game
ExitCode: 4 Duration: 1s490ms
Rebuilding DAG because FileSignature timestamp changed: Library/Bee/1900b0aE-inputdata.json
[675/865    0s] ILPP-Configuration Library/ilpp-configuration.nevergeneratedoutput
*** Tundra requires additional run (1.40 seconds), 2 items updated, 674 evaluated
ExitCode: 0 Duration: 0s653ms
Starting: C:\ProgramData\6000.3.24f1-x86_64\Editor\Data\Tools\BuildPipeline\bee_backend.exe --ipc --defer-dag-verification --dagfile="Library/Bee/1900b0aE.dag" --continue-on-failure --dagfilejson="Library\Bee\1900b0aE.dag.json" --profile="Library/Bee/backend2.traceevents" ScriptAssemblies
WorkingDir: E:/Palimpseste/Palimpseste_Unity_Dossier_Luna_Codex/Palimpseste_Unity_Dossier/game
ExitCode: 0 Duration: 3s106ms
Finished compiling graph: 869 nodes, 14948 flattened edges (12276 ToBuild, 134 ToUse), maximum node priority 915
[483/865    0s] WriteText Library/Bee/artifacts/1900b0aE.dag/Palimpseste.Game.rsp
[484/865    0s] WriteText Library/Bee/artifacts/1900b0aE.dag/Palimpseste.Game.Tests.rsp
[675/865    0s] ILPP-Configuration Library/ilpp-configuration.nevergeneratedoutput
[841/865    0s] Csc Library/Bee/artifacts/1900b0aE.dag/Palimpseste.Game.dll (+2 others)
[842/865    0s] Csc Library/Bee/artifacts/1900b0aE.dag/Palimpseste.Game.PlayModeTests.dll (+2 others)
[843/865    0s] Csc Library/Bee/artifacts/1900b0aE.dag/Palimpseste.Game.Tests.dll (+2 others)
[844/865    0s] Csc Library/Bee/artifacts/1900b0aE.dag/Palimpseste.Game.Editor.dll (+2 others)
[845/865    0s] ILPostProcess Library/Bee/artifacts/1900b0aE.dag/post-processed/Palimpseste.Game.dll (+pdb)
Processing assembly Library/Bee/artifacts/1900b0aE.dag/Palimpseste.Game.dll, with 140 defines and 250 references

processors: Unity.Jobs.CodeGen.JobsILPostProcessor, zzzUnity.Burst.CodeGen.BurstILPostProcessor

running Unity.Jobs.CodeGen.JobsILPostProcessor

running zzzUnity.Burst.CodeGen.BurstILPostProcessor
[846/865    0s] ILPostProcess Library/Bee/artifacts/1900b0aE.dag/post-processed/Palimpseste.Game.PlayModeTests.dll (+pdb)
Processing assembly Library/Bee/artifacts/1900b0aE.dag/Palimpseste.Game.PlayModeTests.dll, with 140 defines and 242 references

processors: Unity.Jobs.CodeGen.JobsILPostProcessor, zzzUnity.Burst.CodeGen.BurstILPostProcessor

running Unity.Jobs.CodeGen.JobsILPostProcessor

running zzzUnity.Burst.CodeGen.BurstILPostProcessor
[847/865    0s] ILPostProcess Library/Bee/artifacts/1900b0aE.dag/post-processed/Palimpseste.Game.Editor.dll (+pdb)
Processing assembly Library/Bee/artifacts/1900b0aE.dag/Palimpseste.Game.Editor.dll, with 138 defines and 281 references

processors: Unity.Jobs.CodeGen.JobsILPostProcessor, zzzUnity.Burst.CodeGen.BurstILPostProcessor

running Unity.Jobs.CodeGen.JobsILPostProcessor

running zzzUnity.Burst.CodeGen.BurstILPostProcessor
[848/865    0s] CopyFiles Library/ScriptAssemblies/Palimpseste.Game.pdb
[849/865    0s] CopyFiles Library/ScriptAssemblies/Palimpseste.Game.PlayModeTests.pdb
[850/865    0s] CopyFiles Library/ScriptAssemblies/Palimpseste.Game.PlayModeTests.dll
[851/865    0s] ILPostProcess Library/Bee/artifacts/1900b0aE.dag/post-processed/Palimpseste.Game.Tests.dll (+pdb)
Processing assembly Library/Bee/artifacts/1900b0aE.dag/Palimpseste.Game.Tests.dll, with 138 defines and 271 references

processors: Unity.Jobs.CodeGen.JobsILPostProcessor, zzzUnity.Burst.CodeGen.BurstILPostProcessor

running Unity.Jobs.CodeGen.JobsILPostProcessor

running zzzUnity.Burst.CodeGen.BurstILPostProcessor
[852/865    0s] CopyFiles Library/ScriptAssemblies/Palimpseste.Game.Editor.pdb
[853/865    0s] CopyFiles Library/ScriptAssemblies/Palimpseste.Game.Editor.dll
[854/865    0s] CopyFiles Library/ScriptAssemblies/Palimpseste.Game.Tests.pdb
[855/865    0s] CopyFiles Library/ScriptAssemblies/Palimpseste.Game.Tests.dll
[856/865    0s] Csc Library/Bee/artifacts/1900b0aE.dag/Assembly-CSharp.dll (+2 others)
[857/865    0s] CopyFiles Library/ScriptAssemblies/Palimpseste.Game.dll
[858/865    0s] Csc Library/Bee/artifacts/1900b0aE.dag/Assembly-CSharp-Editor.dll (+2 others)
[859/865    1s] ILPostProcess Library/Bee/artifacts/1900b0aE.dag/post-processed/Assembly-CSharp.dll (+pdb)
Processing assembly Library/Bee/artifacts/1900b0aE.dag/Assembly-CSharp.dll, with 140 defines and 291 references

processors: Unity.Jobs.CodeGen.JobsILPostProcessor, zzzUnity.Burst.CodeGen.BurstILPostProcessor

running Unity.Jobs.CodeGen.JobsILPostProcessor

running zzzUnity.Burst.CodeGen.BurstILPostProcessor
[860/865    1s] ILPostProcess Library/Bee/artifacts/1900b0aE.dag/post-processed/Assembly-CSharp-Editor.dll (+pdb)
Processing assembly Library/Bee/artifacts/1900b0aE.dag/Assembly-CSharp-Editor.dll, with 138 defines and 332 references

processors: Unity.Jobs.CodeGen.JobsILPostProcessor, zzzUnity.Burst.CodeGen.BurstILPostProcessor

running Unity.Jobs.CodeGen.JobsILPostProcessor

running zzzUnity.Burst.CodeGen.BurstILPostProcessor
[861/865    0s] CopyFiles Library/ScriptAssemblies/Assembly-CSharp.pdb
[862/865    0s] CopyFiles Library/ScriptAssemblies/Assembly-CSharp-Editor.pdb
[863/865    0s] CopyFiles Library/ScriptAssemblies/Assembly-CSharp-Editor.dll
[864/865    0s] CopyFiles Library/ScriptAssemblies/Assembly-CSharp.dll
*** Tundra build success (3.08 seconds), 27 items updated, 865 evaluated
AssetDatabase: script compilation time: 5.832411s
Begin MonoManager ReloadAssembly
- Loaded All Assemblies, in  1.553 seconds
Start importing Assets/StreamingAssets using Guid(44f137730c1040a68dd5060eb6655395) (DefaultImporter) -> (artifact id: '1f2271f56f6853ca736b2f47814f2a40') in 0.028941 seconds
Refreshing native plugins compatible for Editor in 0.82 ms, found 3 plugins.
Native extension for WindowsStandalone target not found
ScheduleIndexationOnStartup MainProcess:True IndexOnStartup:True
Mono: successfully reloaded assembly
- Finished resetting the current domain, in  3.092 seconds
Domain Reload Profiling: 4641ms
	BeginReloadAssembly (371ms)
		ExecutionOrderSort (0ms)
		DisableScriptedObjects (45ms)
		BackupInstance (0ms)
		ReleaseScriptingObjects (0ms)
		CreateAndSetChildDomain (169ms)
	RebuildCommonClasses (55ms)
	RebuildNativeTypeToScriptingClass (15ms)
	initialDomainReloadingComplete (55ms)
	LoadAllAssembliesAndSetupDomain (1054ms)
		LoadAssemblies (873ms)
		RebuildTransferFunctionScriptingTraits (0ms)
		AnalyzeDomain (293ms)
			TypeCache.Refresh (219ms)
				TypeCache.ScanAssembly (198ms)
			BuildScriptInfoCaches (60ms)
			ResolveRequiredComponents (11ms)
	FinalizeReload (3092ms)
		ReleaseScriptCaches (0ms)
		RebuildScriptCaches (0ms)
		SetupLoadedEditorAssemblies (2779ms)
			LogAssemblyErrors (0ms)
			InitializePlatformSupportModulesInManaged (20ms)
			SetLoadedEditorAssemblies (5ms)
			BeforeProcessingInitializeOnLoad (180ms)
			ProcessInitializeOnLoadAttributes (2446ms)
			ProcessInitializeOnLoadMethodAttributes (120ms)
			AfterProcessingInitializeOnLoad (8ms)
			EditorAssembliesLoaded (0ms)
		ExecutionOrderSort2 (0ms)
		AwakeInstancesAfterBackupRestoration (21ms)
Start importing Assets/StreamingAssets/service.json using Guid(2d278e1756774ac4a9d2db25d73c590d) (DefaultImporter) -> (artifact id: 'b9ff3dbfac534fafbb1d2e100082e608') in 0.0652259 seconds
Refreshing native plugins compatible for Editor in 0.66 ms, found 3 plugins.
Preloading 0 native plugins for Editor in 0.00 ms.
Asset Pipeline Refresh (id=c0bb3edd7c930474ba7bc3232a21dcf8): Total: 11.548 seconds - Initiated by InitialRefreshV2(ForceSynchronousImport)
	Summary:
		Imports: total=2 (actual=2, local cache=0, cache server=0)
		Asset DB Process Time: managed=6 ms, native=3698 ms
		Asset DB Callback time: managed=372 ms, native=21 ms
		Scripting: domain reloads=1, domain reload time=1553 ms, compile time=5834 ms, other=60 ms
		Project Asset Count: scripts=1176, non-scripts=2147
		Asset File Changes: new=7, changed=10, moved=0, deleted=0
		Scan Filter Count: 0
	InvokeCustomDependenciesCallbacks: 0.002ms
	InvokePackagesCallback: 17.523ms
	ApplyChangesToAssetFolders: 0.560ms
	Scan: 186.266ms
	OnSourceAssetsModified: 1.259ms
	CategorizeAssetsWithTransientArtifact: 41.108ms
	ProcessAssetsWithTransientArtifactChanges: 70.310ms
	CategorizeAssets: 49.393ms
	ImportOutOfDateAssets: 3203.770ms (-2735.282ms without children)
		ImportManagerImport: 101.888ms (5.299ms without children)
			ImportInProcess: 96.540ms
			UpdateCategorizedAssets: 0.049ms
		CompileScripts: 5834.082ms
		ReloadNativeAssets: 0.048ms
		UnloadImportedAssets: 1.819ms
		ReloadImportedAssets: 0.002ms
		EnsureUptoDateAssetsAreRegisteredWithGuidPM: 0.798ms
		InitializingProgressBar: 0.010ms
		PostProcessAllAssetNotificationsAddChangedAssets: 0.001ms
		OnDemandSchedulerStart: 0.403ms
	PostProcessAllAssets: 373.750ms
	Hotreload: 3.541ms
	GatherAllCurrentPrimaryArtifactRevisions: 0.004ms
	UnloadStreamsBegin: 1.134ms
	PersistCurrentRevisions: 0.148ms
	UnloadStreamsEnd: 0.001ms
	GenerateScriptTypeHashes: 2.162ms
	Untracked: 7598.752ms

Application.AssetDatabase Initial Refresh End
Scanning for USB devices : 34.662ms
Initializing Unity extensions:
[MODES] ModeService[none].Initialize
[MODES] ModeService[none].LoadModes
[MODES] Loading mode Default (0) for mode-current-id-Palimpseste Spell Lab
Unloading 55 Unused Serialized files (Serialized files now loaded: 0)
Unloading 6010 unused Assets / (8.1 MB). Loaded Objects now: 6781.
Memory consumption went from 196.2 MB to 188.1 MB.
Total: 13.518700 ms (FindLiveObjects: 0.587900 ms CreateObjectMapping: 0.775800 ms MarkObjects: 6.687600 ms  DeleteObjects: 5.466200 ms)

Batchmode quit successfully invoked - shutting down!
Curl error 42: Callback aborted
[Physics::Module] Cleanup current backend.
[Physics::Module] Id: 0xf2b8ea05
Input System module state changed to: ShutdownInProgress.
Input System polling thread exited.
Input System module state changed to: Shutdown.
[Licensing::IpcConnector] LicenseClient-REDACTED channel disconnected successfully.
[Licensing::IpcConnector] LicenseClient-REDACTED channel disconnected successfully.
AcceleratorClientConnectionCallback - disconnected - :0
Cleanup mono
Exiting batchmode successfully now!
Exiting without the bug reporter. Application will terminate with return code 0